[preview.colorlib.com/theme/namaste/index.html]
[backblue.gif]
[fade.gif]
[index.html]
[preview.colorlib.com/theme/namaste/img/favicon.ico]
[preview.colorlib.com/theme/namaste/css/bootstrap.min.css]
[preview.colorlib.com/theme/namaste/css/font-awesome.min.css]
[preview.colorlib.com/theme/namaste/css/owl.carousel.min.css]
[preview.colorlib.com/theme/namaste/css/flaticon.css]
[preview.colorlib.com/theme/namaste/css/slicknav.min.css]
[preview.colorlib.com/theme/namaste/css/style.css]
[preview.colorlib.com/theme/namaste/img/logo.png]
[preview.colorlib.com/theme/namaste/about.html]
[preview.colorlib.com/theme/namaste/classes.html]
[preview.colorlib.com/theme/namaste/blog.html]
[preview.colorlib.com/theme/namaste/contact.html]
[preview.colorlib.com/theme/namaste/img/hero-bg.png]
[preview.colorlib.com/theme/namaste/img/hero-icon.png]
[preview.colorlib.com/theme/namaste/img/hero-img.png]
[preview.colorlib.com/theme/namaste/img/meditation-bg.png]
[preview.colorlib.com/theme/namaste/img/meditation-img.png]
[preview.colorlib.com/theme/namaste/img/testimonial-bg.jpg]
[preview.colorlib.com/theme/namaste/img/testimonial-img-1.png]
[preview.colorlib.com/theme/namaste/img/testimonial-img-2.png]
[preview.colorlib.com/theme/namaste/img/quota.png]
[preview.colorlib.com/theme/namaste/img/gallery/1.jpg]
[preview.colorlib.com/theme/namaste/img/gallery/2.jpg]
[preview.colorlib.com/theme/namaste/img/gallery/3.jpg]
[preview.colorlib.com/theme/namaste/img/gallery/4.jpg]
[preview.colorlib.com/theme/namaste/img/gallery/5.jpg]
[preview.colorlib.com/theme/namaste/img/footer-icon.png]
[preview.colorlib.com/theme/namaste/js/jquery-3.2.1.min.js]
[preview.colorlib.com/theme/namaste/js/bootstrap.min.js]
[preview.colorlib.com/theme/namaste/js/jquery.slicknav.min.js]
[preview.colorlib.com/theme/namaste/js/owl.carousel.min.js]
[preview.colorlib.com/theme/namaste/js/circle-progress.min.js]
[preview.colorlib.com/theme/namaste/index.html]
[preview.colorlib.com/theme/namaste/js/main.js]
[preview.colorlib.com/theme/namaste/img/page-top-bg/1.png]
[preview.colorlib.com/theme/namaste/img/page-top-bg/page-info-img.png]
[preview.colorlib.com/theme/namaste/img/about-img.jpg]
[preview.colorlib.com/theme/namaste/img/appointment-bg.jpg]
[preview.colorlib.com/theme/namaste/img/appointment-icon.png]
[preview.colorlib.com/theme/namaste/about.html]
[preview.colorlib.com/theme/namaste/img/page-top-bg/2.png]
[preview.colorlib.com/theme/namaste/img/feature-icon.png]
[preview.colorlib.com/theme/namaste/img/plans-icon.png]
[preview.colorlib.com/theme/namaste/classes.html]
[preview.colorlib.com/theme/namaste/img/page-top-bg/3.png]
[preview.colorlib.com/theme/namaste/img/blog/1.jpg]
[preview.colorlib.com/theme/namaste/img/blog/2.jpg]
[preview.colorlib.com/theme/namaste/img/blog/3.jpg]
[preview.colorlib.com/theme/namaste/img/search-icon.png]
[preview.colorlib.com/theme/namaste/img/blog-widget/1.jpg]
[preview.colorlib.com/theme/namaste/img/blog-widget/2.jpg]
[preview.colorlib.com/theme/namaste/img/blog-widget/3.jpg]
[preview.colorlib.com/theme/namaste/blog.html]
[preview.colorlib.com/theme/namaste/img/page-top-bg/4.png]
[preview.colorlib.com/theme/namaste/contact.html]
[preview.colorlib.com/theme/namaste/img/hero-bg.png]
[preview.colorlib.com/theme/namaste/img/hero-icon.png]
[preview.colorlib.com/theme/namaste/css/bootstrap.min.css]
[preview.colorlib.com/theme/namaste/img/hero-img.png]
[preview.colorlib.com/theme/namaste/img/meditation-bg.png]
[preview.colorlib.com/theme/namaste/img/logo.png]
[preview.colorlib.com/theme/namaste/img/meditation-img.png]
[preview.colorlib.com/theme/namaste/img/testimonial-bg.jpg]
[preview.colorlib.com/theme/namaste/img/testimonial-img-2.png]
[preview.colorlib.com/theme/namaste/img/testimonial-img-1.png]
[preview.colorlib.com/theme/namaste/img/quota.png]
[preview.colorlib.com/theme/namaste/img/gallery/1.jpg]
[preview.colorlib.com/theme/namaste/img/gallery/3.jpg]
[preview.colorlib.com/theme/namaste/img/gallery/2.jpg]
[preview.colorlib.com/theme/namaste/icon-fonts/fontawesome-webfont3e6e.eot]
[preview.colorlib.com/theme/namaste/img/footer-icon.png]
[preview.colorlib.com/theme/namaste/img/gallery/4.jpg]
[preview.colorlib.com/theme/namaste/img/gallery/5.jpg]
[preview.colorlib.com/theme/namaste/js/bootstrap.min.js]
[preview.colorlib.com/theme/namaste/js/jquery-3.2.1.min.js]
[preview.colorlib.com/theme/namaste/icon-fonts/fontawesome-webfontd41d.eot]
[preview.colorlib.com/theme/namaste/icon-fonts/fontawesome-webfont3e6e.woff2]
[preview.colorlib.com/theme/namaste/js/jquery.slicknav.min.js]
[preview.colorlib.com/theme/namaste/js/owl.carousel.min.js]
[preview.colorlib.com/theme/namaste/js/circle-progress.min.js]
[preview.colorlib.com/theme/namaste/icon-fonts/fontawesome-webfont3e6e.woff]
[preview.colorlib.com/theme/namaste/js/main.js]
[preview.colorlib.com/theme/namaste/img/page-top-bg/1.png]
[preview.colorlib.com/theme/namaste/icon-fonts/fontawesome-webfont3e6e.ttf]
[preview.colorlib.com/theme/namaste/img/page-top-bg/page-info-img.png]
[preview.colorlib.com/theme/namaste/img/about-img.jpg]
[preview.colorlib.com/theme/namaste/img/appointment-bg.jpg]
[preview.colorlib.com/theme/namaste/img/appointment-icon.png]
[preview.colorlib.com/theme/namaste/img/page-top-bg/2.png]
[preview.colorlib.com/theme/namaste/img/page-top-bg/3.png]
[preview.colorlib.com/theme/namaste/img/feature-icon.png]
[preview.colorlib.com/theme/namaste/img/plans-icon.png]
[preview.colorlib.com/theme/namaste/css/font-awesome.min.css]
[preview.colorlib.com/theme/namaste/img/blog/2.jpg]
[preview.colorlib.com/theme/namaste/img/blog/1.jpg]
[preview.colorlib.com/theme/namaste/img/blog/3.jpg]
[preview.colorlib.com/theme/namaste/icon-fonts/fontawesome-webfont3e6e.svg]
[preview.colorlib.com/theme/namaste/img/search-icon.png]
[preview.colorlib.com/theme/namaste/img/blog-widget/1.jpg]
[preview.colorlib.com/theme/namaste/img/blog-widget/2.jpg]
[preview.colorlib.com/theme/namaste/css/owl.video.play.png]
[preview.colorlib.com/theme/namaste/css/owl.carousel.min.css]
[preview.colorlib.com/theme/namaste/img/blog-widget/3.jpg]
[preview.colorlib.com/theme/namaste/img/page-top-bg/4.png]
[preview.colorlib.com/theme/namaste/icon-fonts/fontawesome-webfontd41d.eot]
[preview.colorlib.com/theme/namaste/icon-fonts/fontawesome-webfont3e6e.eot]
[preview.colorlib.com/theme/namaste/icon-fonts/fontawesome-webfont3e6e.woff2]
[preview.colorlib.com/theme/namaste/icon-fonts/fontawesome-webfont3e6e.woff]
[preview.colorlib.com/theme/namaste/icon-fonts/Flaticon.eot]
[preview.colorlib.com/theme/namaste/icon-fonts/Flaticond41d.eot]
[preview.colorlib.com/theme/namaste/icon-fonts/Flaticon.woff]
[preview.colorlib.com/theme/namaste/icon-fonts/Flaticon.ttf]
[preview.colorlib.com/theme/namaste/css/flaticon.css]
[preview.colorlib.com/theme/namaste/css/slicknav.min.css]
[preview.colorlib.com/theme/namaste/icon-fonts/Flaticon.svg]
[preview.colorlib.com/theme/namaste/img/check-icon.png]
[preview.colorlib.com/theme/namaste/css/style.css]
[preview.colorlib.com/theme/namaste/about.html]
[preview.colorlib.com/theme/namaste/icon-fonts/fontawesome-webfont3e6e.ttf]
[preview.colorlib.com/theme/namaste/icon-fonts/fontawesome-webfont3e6e.svg]
[preview.colorlib.com/theme/namaste/css/owl.video.play.png]
[preview.colorlib.com/theme/namaste/icon-fonts/Flaticon.svg]
